// Jest Snapshot v1, https://goo.gl/fbAQLP

exports[`<ConfirmScreen> should renders ok with props 1`] = `
<RCTSafeAreaView
  emulateUnlessSupported={true}
  style={
    Object {
      "backgroundColor": "white",
      "flex": 1,
    }
  }
>
  <View
    style={
      Object {
        "alignItems": "center",
        "flex": 1,
        "justifyContent": "center",
        "paddingHorizontal": 20,
      }
    }
  >
    <Image
      source={3}
      style={
        Object {
          "height": 40,
          "marginBottom": 10,
          "width": 40,
        }
      }
    />
    <Text
      style={
        Object {
          "fontSize": 14,
          "fontWeight": "600",
          "marginBottom": 5,
        }
      }
    >
      송금 신청완료
    </Text>
    <Text
      style={
        Object {
          "color": "#999",
          "fontSize": 8,
          "fontWeight": "400",
        }
      }
    >
      1970
      년 
      1
      월 
      1
      일 
      오전
       
      8
      :
      00
      까지
    </Text>
    <Text
      style={
        Object {
          "color": "#999",
          "fontSize": 8,
          "fontWeight": "400",
        }
      }
    >
      아래 가상계좌로 입금을 완료해주세요!
    </Text>
    <View
      style={
        Object {
          "alignItems": "center",
          "borderColor": "#999",
          "borderRadius": 10,
          "borderWidth": 0.5,
          "bottom": 20,
          "justifyContent": "center",
          "marginBottom": 2,
          "paddingHorizontal": 20,
          "paddingVertical": 5,
          "position": "absolute",
        }
      }
    >
      <View
        accessible={true}
        collapsable={false}
        focusable={true}
        nativeID="animatedComponent"
        onClick={[Function]}
        onResponderGrant={[Function]}
        onResponderMove={[Function]}
        onResponderRelease={[Function]}
        onResponderTerminate={[Function]}
        onResponderTerminationRequest={[Function]}
        onStartShouldSetResponder={[Function]}
        style={
          Object {
            "alignItems": "center",
            "backgroundColor": "white",
            "borderColor": "rgba(0, 0, 0, 0.6)",
            "borderRadius": 20,
            "borderWidth": 0.5,
            "bottom": -7,
            "height": 20,
            "justifyContent": "center",
            "opacity": 1,
            "paddingTop": 1,
            "position": "absolute",
            "right": -7,
            "width": 20,
          }
        }
      >
        <Image
          source={4}
          style={
            Object {
              "height": 12,
              "opacity": 0.5,
              "width": 12,
            }
          }
        />
      </View>
      <View
        style={
          Object {
            "alignItems": "center",
            "flexDirection": "row",
          }
        }
      >
        <Text
          style={
            Object {
              "alignItems": "center",
              "color": "#999",
              "fontSize": 12,
              "fontWeight": "600",
            }
          }
        />
      </View>
      <Text
        style={
          Object {
            "color": "#999",
            "fontSize": 12,
            "fontWeight": "600",
          }
        }
      >
        undefi-ne-
      </Text>
    </View>
    <View
      style={
        Object {
          "backgroundColor": "#E5E5E5",
          "height": 1,
          "marginVertical": 20,
          "width": 100,
        }
      }
    />
    <Text
      style={
        Object {
          "color": "#999",
          "fontSize": 8,
          "fontWeight": "400",
        }
      }
    >
      수수료 :
      1,000
       
      KRW
    </Text>
    <Text
      style={
        Object {
          "color": "#999",
          "fontSize": 8,
          "fontWeight": "400",
        }
      }
    >
      환율 :
      undefined
       
      KRW
    </Text>
    <Text
      style={
        Object {
          "color": "#999",
          "fontSize": 8,
          "fontWeight": "400",
        }
      }
    >
      송금액 :
      "55,000,000
       
      KRW
    </Text>
    <View
      style={
        Object {
          "backgroundColor": "#E5E5E5",
          "height": 1,
          "marginVertical": 20,
          "width": 100,
        }
      }
    />
    <View
      style={
        Object {
          "flexDirection": "row",
          "flexWrap": "wrap",
          "justifyContent": "center",
          "width": "100%",
        }
      }
    />
  </View>
</RCTSafeAreaView>
`;
